ERROR - 2026-06-23 14:03:15 --> Cannot add or update a child row: a foreign key constraint fails (`e-library`.`buku`, CONSTRAINT `fk_buku_kategori` FOREIGN KEY (`kategori_id`) REFERENCES `kategori` (`id`) ON UPDATE CASCADE)
in SYSTEMPATH\Database\MySQLi\Connection.php on line 300.
 1 SYSTEMPATH\Database\MySQLi\Connection.php(300): mysqli->query('INSERT INTO `buku` (`judul`, `penulis`, `penerbit`, `stok`) VALUES (\'Atomic Habits\', \'James Clear\', \'Gramedia\', 3)', 0)
 2 SYSTEMPATH\Database\BaseConnection.php(908): CodeIgniter\Database\MySQLi\Connection->execute('INSERT INTO `buku` (`judul`, `penulis`, `penerbit`, `stok`) VALUES (\'Atomic Habits\', \'James Clear\', \'Gramedia\', 3)')
 3 SYSTEMPATH\Database\BaseConnection.php(825): CodeIgniter\Database\BaseConnection->simpleQuery('INSERT INTO `buku` (`judul`, `penulis`, `penerbit`, `stok`) VALUES (\'Atomic Habits\', \'James Clear\', \'Gramedia\', 3)')
 4 SYSTEMPATH\Database\BaseBuilder.php(2343): CodeIgniter\Database\BaseConnection->query('INSERT INTO `buku` (`judul`, `penulis`, `penerbit`, `stok`) VALUES (:judul:, :penulis:, :penerbit:, :stok:)', [...], false)
 5 SYSTEMPATH\Model.php(357): CodeIgniter\Database\BaseBuilder->insert()
 6 SYSTEMPATH\BaseModel.php(899): CodeIgniter\Model->doInsert([...])
 7 SYSTEMPATH\Model.php(670): CodeIgniter\BaseModel->insert([...], true)
 8 APPPATH\Controllers\Api\Buku.php(33): CodeIgniter\Model->insert([...])
 9 SYSTEMPATH\CodeIgniter.php(974): App\Controllers\Api\Buku->create()
10 SYSTEMPATH\CodeIgniter.php(520): CodeIgniter\CodeIgniter->runController(Object(App\Controllers\Api\Buku))
11 SYSTEMPATH\CodeIgniter.php(363): CodeIgniter\CodeIgniter->handleRequest(null, Object(Config\Cache), false)
12 SYSTEMPATH\Boot.php(417): CodeIgniter\CodeIgniter->run()
13 SYSTEMPATH\Boot.php(68): CodeIgniter\Boot::runCodeIgniter(Object(CodeIgniter\CodeIgniter))
14 FCPATH\index.php(59): CodeIgniter\Boot::bootWeb(Object(Config\Paths))
15 SYSTEMPATH\rewrite.php(44): require_once('C:\\xampp\\htdocs\\project_UAS_buku\\backend-api\\public\\index.php')
CRITICAL - 2026-06-23 14:03:15 --> CodeIgniter\Database\Exceptions\DatabaseException: Cannot add or update a child row: a foreign key constraint fails (`e-library`.`buku`, CONSTRAINT `fk_buku_kategori` FOREIGN KEY (`kategori_id`) REFERENCES `kategori` (`id`) ON UPDATE CASCADE)
[Method: POST, Route: buku]
in SYSTEMPATH\Database\BaseConnection.php on line 863.
 1 SYSTEMPATH\Database\BaseBuilder.php(2343): CodeIgniter\Database\BaseConnection->query('INSERT INTO `buku` (`judul`, `penulis`, `penerbit`, `stok`) VALUES (:judul:, :penulis:, :penerbit:, :stok:)', [...], false)
 2 SYSTEMPATH\Model.php(357): CodeIgniter\Database\BaseBuilder->insert()
 3 SYSTEMPATH\BaseModel.php(899): CodeIgniter\Model->doInsert([...])
 4 SYSTEMPATH\Model.php(670): CodeIgniter\BaseModel->insert([...], true)
 5 APPPATH\Controllers\Api\Buku.php(33): CodeIgniter\Model->insert([...])
 6 SYSTEMPATH\CodeIgniter.php(974): App\Controllers\Api\Buku->create()
 7 SYSTEMPATH\CodeIgniter.php(520): CodeIgniter\CodeIgniter->runController(Object(App\Controllers\Api\Buku))
 8 SYSTEMPATH\CodeIgniter.php(363): CodeIgniter\CodeIgniter->handleRequest(null, Object(Config\Cache), false)
 9 SYSTEMPATH\Boot.php(417): CodeIgniter\CodeIgniter->run()
10 SYSTEMPATH\Boot.php(68): CodeIgniter\Boot::runCodeIgniter(Object(CodeIgniter\CodeIgniter))
11 FCPATH\index.php(59): CodeIgniter\Boot::bootWeb(Object(Config\Paths))
12 SYSTEMPATH\rewrite.php(44): require_once('C:\\xampp\\htdocs\\project_UAS_buku\\backend-api\\public\\index.php')
CRITICAL - 2026-06-23 14:03:15 --> [Caused by] CodeIgniter\Database\Exceptions\DatabaseException: Cannot add or update a child row: a foreign key constraint fails (`e-library`.`buku`, CONSTRAINT `fk_buku_kategori` FOREIGN KEY (`kategori_id`) REFERENCES `kategori` (`id`) ON UPDATE CASCADE)
in SYSTEMPATH\Database\MySQLi\Connection.php on line 310.
 1 SYSTEMPATH\Database\BaseConnection.php(908): CodeIgniter\Database\MySQLi\Connection->execute('INSERT INTO `buku` (`judul`, `penulis`, `penerbit`, `stok`) VALUES (\'Atomic Habits\', \'James Clear\', \'Gramedia\', 3)')
 2 SYSTEMPATH\Database\BaseConnection.php(825): CodeIgniter\Database\BaseConnection->simpleQuery('INSERT INTO `buku` (`judul`, `penulis`, `penerbit`, `stok`) VALUES (\'Atomic Habits\', \'James Clear\', \'Gramedia\', 3)')
 3 SYSTEMPATH\Database\BaseBuilder.php(2343): CodeIgniter\Database\BaseConnection->query('INSERT INTO `buku` (`judul`, `penulis`, `penerbit`, `stok`) VALUES (:judul:, :penulis:, :penerbit:, :stok:)', [...], false)
 4 SYSTEMPATH\Model.php(357): CodeIgniter\Database\BaseBuilder->insert()
 5 SYSTEMPATH\BaseModel.php(899): CodeIgniter\Model->doInsert([...])
 6 SYSTEMPATH\Model.php(670): CodeIgniter\BaseModel->insert([...], true)
 7 APPPATH\Controllers\Api\Buku.php(33): CodeIgniter\Model->insert([...])
 8 SYSTEMPATH\CodeIgniter.php(974): App\Controllers\Api\Buku->create()
 9 SYSTEMPATH\CodeIgniter.php(520): CodeIgniter\CodeIgniter->runController(Object(App\Controllers\Api\Buku))
10 SYSTEMPATH\CodeIgniter.php(363): CodeIgniter\CodeIgniter->handleRequest(null, Object(Config\Cache), false)
11 SYSTEMPATH\Boot.php(417): CodeIgniter\CodeIgniter->run()
12 SYSTEMPATH\Boot.php(68): CodeIgniter\Boot::runCodeIgniter(Object(CodeIgniter\CodeIgniter))
13 FCPATH\index.php(59): CodeIgniter\Boot::bootWeb(Object(Config\Paths))
14 SYSTEMPATH\rewrite.php(44): require_once('C:\\xampp\\htdocs\\project_UAS_buku\\backend-api\\public\\index.php')
CRITICAL - 2026-06-23 14:03:15 --> [Caused by] mysqli_sql_exception: Cannot add or update a child row: a foreign key constraint fails (`e-library`.`buku`, CONSTRAINT `fk_buku_kategori` FOREIGN KEY (`kategori_id`) REFERENCES `kategori` (`id`) ON UPDATE CASCADE)
in SYSTEMPATH\Database\MySQLi\Connection.php on line 300.
 1 SYSTEMPATH\Database\MySQLi\Connection.php(300): mysqli->query('INSERT INTO `buku` (`judul`, `penulis`, `penerbit`, `stok`) VALUES (\'Atomic Habits\', \'James Clear\', \'Gramedia\', 3)', 0)
 2 SYSTEMPATH\Database\BaseConnection.php(908): CodeIgniter\Database\MySQLi\Connection->execute('INSERT INTO `buku` (`judul`, `penulis`, `penerbit`, `stok`) VALUES (\'Atomic Habits\', \'James Clear\', \'Gramedia\', 3)')
 3 SYSTEMPATH\Database\BaseConnection.php(825): CodeIgniter\Database\BaseConnection->simpleQuery('INSERT INTO `buku` (`judul`, `penulis`, `penerbit`, `stok`) VALUES (\'Atomic Habits\', \'James Clear\', \'Gramedia\', 3)')
 4 SYSTEMPATH\Database\BaseBuilder.php(2343): CodeIgniter\Database\BaseConnection->query('INSERT INTO `buku` (`judul`, `penulis`, `penerbit`, `stok`) VALUES (:judul:, :penulis:, :penerbit:, :stok:)', [...], false)
 5 SYSTEMPATH\Model.php(357): CodeIgniter\Database\BaseBuilder->insert()
 6 SYSTEMPATH\BaseModel.php(899): CodeIgniter\Model->doInsert([...])
 7 SYSTEMPATH\Model.php(670): CodeIgniter\BaseModel->insert([...], true)
 8 APPPATH\Controllers\Api\Buku.php(33): CodeIgniter\Model->insert([...])
 9 SYSTEMPATH\CodeIgniter.php(974): App\Controllers\Api\Buku->create()
10 SYSTEMPATH\CodeIgniter.php(520): CodeIgniter\CodeIgniter->runController(Object(App\Controllers\Api\Buku))
11 SYSTEMPATH\CodeIgniter.php(363): CodeIgniter\CodeIgniter->handleRequest(null, Object(Config\Cache), false)
12 SYSTEMPATH\Boot.php(417): CodeIgniter\CodeIgniter->run()
13 SYSTEMPATH\Boot.php(68): CodeIgniter\Boot::runCodeIgniter(Object(CodeIgniter\CodeIgniter))
14 FCPATH\index.php(59): CodeIgniter\Boot::bootWeb(Object(Config\Paths))
15 SYSTEMPATH\rewrite.php(44): require_once('C:\\xampp\\htdocs\\project_UAS_buku\\backend-api\\public\\index.php')
ERROR - 2026-06-23 14:05:24 --> Cannot add or update a child row: a foreign key constraint fails (`e-library`.`buku`, CONSTRAINT `fk_buku_kategori` FOREIGN KEY (`kategori_id`) REFERENCES `kategori` (`id`) ON UPDATE CASCADE)
in SYSTEMPATH\Database\MySQLi\Connection.php on line 300.
 1 SYSTEMPATH\Database\MySQLi\Connection.php(300): mysqli->query('INSERT INTO `buku` (`judul`, `penulis`, `penerbit`, `stok`) VALUES (\'Atomic Habits\', \'James Clear\', \'Gramedia\', 3)', 0)
 2 SYSTEMPATH\Database\BaseConnection.php(908): CodeIgniter\Database\MySQLi\Connection->execute('INSERT INTO `buku` (`judul`, `penulis`, `penerbit`, `stok`) VALUES (\'Atomic Habits\', \'James Clear\', \'Gramedia\', 3)')
 3 SYSTEMPATH\Database\BaseConnection.php(825): CodeIgniter\Database\BaseConnection->simpleQuery('INSERT INTO `buku` (`judul`, `penulis`, `penerbit`, `stok`) VALUES (\'Atomic Habits\', \'James Clear\', \'Gramedia\', 3)')
 4 SYSTEMPATH\Database\BaseBuilder.php(2343): CodeIgniter\Database\BaseConnection->query('INSERT INTO `buku` (`judul`, `penulis`, `penerbit`, `stok`) VALUES (:judul:, :penulis:, :penerbit:, :stok:)', [...], false)
 5 SYSTEMPATH\Model.php(357): CodeIgniter\Database\BaseBuilder->insert()
 6 SYSTEMPATH\BaseModel.php(899): CodeIgniter\Model->doInsert([...])
 7 SYSTEMPATH\Model.php(670): CodeIgniter\BaseModel->insert([...], true)
 8 APPPATH\Controllers\Api\Buku.php(33): CodeIgniter\Model->insert([...])
 9 SYSTEMPATH\CodeIgniter.php(974): App\Controllers\Api\Buku->create()
10 SYSTEMPATH\CodeIgniter.php(520): CodeIgniter\CodeIgniter->runController(Object(App\Controllers\Api\Buku))
11 SYSTEMPATH\CodeIgniter.php(363): CodeIgniter\CodeIgniter->handleRequest(null, Object(Config\Cache), false)
12 SYSTEMPATH\Boot.php(417): CodeIgniter\CodeIgniter->run()
13 SYSTEMPATH\Boot.php(68): CodeIgniter\Boot::runCodeIgniter(Object(CodeIgniter\CodeIgniter))
14 FCPATH\index.php(59): CodeIgniter\Boot::bootWeb(Object(Config\Paths))
15 SYSTEMPATH\rewrite.php(44): require_once('C:\\xampp\\htdocs\\project_UAS_buku\\backend-api\\public\\index.php')
CRITICAL - 2026-06-23 14:05:24 --> CodeIgniter\Database\Exceptions\DatabaseException: Cannot add or update a child row: a foreign key constraint fails (`e-library`.`buku`, CONSTRAINT `fk_buku_kategori` FOREIGN KEY (`kategori_id`) REFERENCES `kategori` (`id`) ON UPDATE CASCADE)
[Method: POST, Route: buku]
in SYSTEMPATH\Database\BaseConnection.php on line 863.
 1 SYSTEMPATH\Database\BaseBuilder.php(2343): CodeIgniter\Database\BaseConnection->query('INSERT INTO `buku` (`judul`, `penulis`, `penerbit`, `stok`) VALUES (:judul:, :penulis:, :penerbit:, :stok:)', [...], false)
 2 SYSTEMPATH\Model.php(357): CodeIgniter\Database\BaseBuilder->insert()
 3 SYSTEMPATH\BaseModel.php(899): CodeIgniter\Model->doInsert([...])
 4 SYSTEMPATH\Model.php(670): CodeIgniter\BaseModel->insert([...], true)
 5 APPPATH\Controllers\Api\Buku.php(33): CodeIgniter\Model->insert([...])
 6 SYSTEMPATH\CodeIgniter.php(974): App\Controllers\Api\Buku->create()
 7 SYSTEMPATH\CodeIgniter.php(520): CodeIgniter\CodeIgniter->runController(Object(App\Controllers\Api\Buku))
 8 SYSTEMPATH\CodeIgniter.php(363): CodeIgniter\CodeIgniter->handleRequest(null, Object(Config\Cache), false)
 9 SYSTEMPATH\Boot.php(417): CodeIgniter\CodeIgniter->run()
10 SYSTEMPATH\Boot.php(68): CodeIgniter\Boot::runCodeIgniter(Object(CodeIgniter\CodeIgniter))
11 FCPATH\index.php(59): CodeIgniter\Boot::bootWeb(Object(Config\Paths))
12 SYSTEMPATH\rewrite.php(44): require_once('C:\\xampp\\htdocs\\project_UAS_buku\\backend-api\\public\\index.php')
CRITICAL - 2026-06-23 14:05:24 --> [Caused by] CodeIgniter\Database\Exceptions\DatabaseException: Cannot add or update a child row: a foreign key constraint fails (`e-library`.`buku`, CONSTRAINT `fk_buku_kategori` FOREIGN KEY (`kategori_id`) REFERENCES `kategori` (`id`) ON UPDATE CASCADE)
in SYSTEMPATH\Database\MySQLi\Connection.php on line 310.
 1 SYSTEMPATH\Database\BaseConnection.php(908): CodeIgniter\Database\MySQLi\Connection->execute('INSERT INTO `buku` (`judul`, `penulis`, `penerbit`, `stok`) VALUES (\'Atomic Habits\', \'James Clear\', \'Gramedia\', 3)')
 2 SYSTEMPATH\Database\BaseConnection.php(825): CodeIgniter\Database\BaseConnection->simpleQuery('INSERT INTO `buku` (`judul`, `penulis`, `penerbit`, `stok`) VALUES (\'Atomic Habits\', \'James Clear\', \'Gramedia\', 3)')
 3 SYSTEMPATH\Database\BaseBuilder.php(2343): CodeIgniter\Database\BaseConnection->query('INSERT INTO `buku` (`judul`, `penulis`, `penerbit`, `stok`) VALUES (:judul:, :penulis:, :penerbit:, :stok:)', [...], false)
 4 SYSTEMPATH\Model.php(357): CodeIgniter\Database\BaseBuilder->insert()
 5 SYSTEMPATH\BaseModel.php(899): CodeIgniter\Model->doInsert([...])
 6 SYSTEMPATH\Model.php(670): CodeIgniter\BaseModel->insert([...], true)
 7 APPPATH\Controllers\Api\Buku.php(33): CodeIgniter\Model->insert([...])
 8 SYSTEMPATH\CodeIgniter.php(974): App\Controllers\Api\Buku->create()
 9 SYSTEMPATH\CodeIgniter.php(520): CodeIgniter\CodeIgniter->runController(Object(App\Controllers\Api\Buku))
10 SYSTEMPATH\CodeIgniter.php(363): CodeIgniter\CodeIgniter->handleRequest(null, Object(Config\Cache), false)
11 SYSTEMPATH\Boot.php(417): CodeIgniter\CodeIgniter->run()
12 SYSTEMPATH\Boot.php(68): CodeIgniter\Boot::runCodeIgniter(Object(CodeIgniter\CodeIgniter))
13 FCPATH\index.php(59): CodeIgniter\Boot::bootWeb(Object(Config\Paths))
14 SYSTEMPATH\rewrite.php(44): require_once('C:\\xampp\\htdocs\\project_UAS_buku\\backend-api\\public\\index.php')
CRITICAL - 2026-06-23 14:05:24 --> [Caused by] mysqli_sql_exception: Cannot add or update a child row: a foreign key constraint fails (`e-library`.`buku`, CONSTRAINT `fk_buku_kategori` FOREIGN KEY (`kategori_id`) REFERENCES `kategori` (`id`) ON UPDATE CASCADE)
in SYSTEMPATH\Database\MySQLi\Connection.php on line 300.
 1 SYSTEMPATH\Database\MySQLi\Connection.php(300): mysqli->query('INSERT INTO `buku` (`judul`, `penulis`, `penerbit`, `stok`) VALUES (\'Atomic Habits\', \'James Clear\', \'Gramedia\', 3)', 0)
 2 SYSTEMPATH\Database\BaseConnection.php(908): CodeIgniter\Database\MySQLi\Connection->execute('INSERT INTO `buku` (`judul`, `penulis`, `penerbit`, `stok`) VALUES (\'Atomic Habits\', \'James Clear\', \'Gramedia\', 3)')
 3 SYSTEMPATH\Database\BaseConnection.php(825): CodeIgniter\Database\BaseConnection->simpleQuery('INSERT INTO `buku` (`judul`, `penulis`, `penerbit`, `stok`) VALUES (\'Atomic Habits\', \'James Clear\', \'Gramedia\', 3)')
 4 SYSTEMPATH\Database\BaseBuilder.php(2343): CodeIgniter\Database\BaseConnection->query('INSERT INTO `buku` (`judul`, `penulis`, `penerbit`, `stok`) VALUES (:judul:, :penulis:, :penerbit:, :stok:)', [...], false)
 5 SYSTEMPATH\Model.php(357): CodeIgniter\Database\BaseBuilder->insert()
 6 SYSTEMPATH\BaseModel.php(899): CodeIgniter\Model->doInsert([...])
 7 SYSTEMPATH\Model.php(670): CodeIgniter\BaseModel->insert([...], true)
 8 APPPATH\Controllers\Api\Buku.php(33): CodeIgniter\Model->insert([...])
 9 SYSTEMPATH\CodeIgniter.php(974): App\Controllers\Api\Buku->create()
10 SYSTEMPATH\CodeIgniter.php(520): CodeIgniter\CodeIgniter->runController(Object(App\Controllers\Api\Buku))
11 SYSTEMPATH\CodeIgniter.php(363): CodeIgniter\CodeIgniter->handleRequest(null, Object(Config\Cache), false)
12 SYSTEMPATH\Boot.php(417): CodeIgniter\CodeIgniter->run()
13 SYSTEMPATH\Boot.php(68): CodeIgniter\Boot::runCodeIgniter(Object(CodeIgniter\CodeIgniter))
14 FCPATH\index.php(59): CodeIgniter\Boot::bootWeb(Object(Config\Paths))
15 SYSTEMPATH\rewrite.php(44): require_once('C:\\xampp\\htdocs\\project_UAS_buku\\backend-api\\public\\index.php')
ERROR - 2026-06-23 14:13:03 --> Cannot add or update a child row: a foreign key constraint fails (`e-library`.`buku`, CONSTRAINT `fk_buku_kategori` FOREIGN KEY (`kategori_id`) REFERENCES `kategori` (`id`) ON UPDATE CASCADE)
in SYSTEMPATH\Database\MySQLi\Connection.php on line 300.
 1 SYSTEMPATH\Database\MySQLi\Connection.php(300): mysqli->query('INSERT INTO `buku` (`judul`, `penulis`, `penerbit`, `stok`) VALUES (\'Atomic Habits\', \'James Clear\', \'Gramedia\', 3)', 0)
 2 SYSTEMPATH\Database\BaseConnection.php(908): CodeIgniter\Database\MySQLi\Connection->execute('INSERT INTO `buku` (`judul`, `penulis`, `penerbit`, `stok`) VALUES (\'Atomic Habits\', \'James Clear\', \'Gramedia\', 3)')
 3 SYSTEMPATH\Database\BaseConnection.php(825): CodeIgniter\Database\BaseConnection->simpleQuery('INSERT INTO `buku` (`judul`, `penulis`, `penerbit`, `stok`) VALUES (\'Atomic Habits\', \'James Clear\', \'Gramedia\', 3)')
 4 SYSTEMPATH\Database\BaseBuilder.php(2343): CodeIgniter\Database\BaseConnection->query('INSERT INTO `buku` (`judul`, `penulis`, `penerbit`, `stok`) VALUES (:judul:, :penulis:, :penerbit:, :stok:)', [...], false)
 5 SYSTEMPATH\Model.php(357): CodeIgniter\Database\BaseBuilder->insert()
 6 SYSTEMPATH\BaseModel.php(899): CodeIgniter\Model->doInsert([...])
 7 SYSTEMPATH\Model.php(670): CodeIgniter\BaseModel->insert([...], true)
 8 APPPATH\Controllers\Api\Buku.php(35): CodeIgniter\Model->insert([...])
 9 SYSTEMPATH\CodeIgniter.php(974): App\Controllers\Api\Buku->create()
10 SYSTEMPATH\CodeIgniter.php(520): CodeIgniter\CodeIgniter->runController(Object(App\Controllers\Api\Buku))
11 SYSTEMPATH\CodeIgniter.php(363): CodeIgniter\CodeIgniter->handleRequest(null, Object(Config\Cache), false)
12 SYSTEMPATH\Boot.php(417): CodeIgniter\CodeIgniter->run()
13 SYSTEMPATH\Boot.php(68): CodeIgniter\Boot::runCodeIgniter(Object(CodeIgniter\CodeIgniter))
14 FCPATH\index.php(59): CodeIgniter\Boot::bootWeb(Object(Config\Paths))
15 SYSTEMPATH\rewrite.php(44): require_once('C:\\xampp\\htdocs\\project_UAS_buku\\backend-api\\public\\index.php')
ERROR - 2026-06-23 14:17:10 --> Cannot add or update a child row: a foreign key constraint fails (`e-library`.`buku`, CONSTRAINT `fk_buku_kategori` FOREIGN KEY (`kategori_id`) REFERENCES `kategori` (`id`) ON UPDATE CASCADE)
in SYSTEMPATH\Database\MySQLi\Connection.php on line 300.
 1 SYSTEMPATH\Database\MySQLi\Connection.php(300): mysqli->query('INSERT INTO `buku` (`judul`, `penulis`, `penerbit`, `stok`) VALUES (\'Atomic Habits\', \'James Clear\', \'Gramedia\', 3)', 0)
 2 SYSTEMPATH\Database\BaseConnection.php(908): CodeIgniter\Database\MySQLi\Connection->execute('INSERT INTO `buku` (`judul`, `penulis`, `penerbit`, `stok`) VALUES (\'Atomic Habits\', \'James Clear\', \'Gramedia\', 3)')
 3 SYSTEMPATH\Database\BaseConnection.php(825): CodeIgniter\Database\BaseConnection->simpleQuery('INSERT INTO `buku` (`judul`, `penulis`, `penerbit`, `stok`) VALUES (\'Atomic Habits\', \'James Clear\', \'Gramedia\', 3)')
 4 SYSTEMPATH\Database\BaseBuilder.php(2343): CodeIgniter\Database\BaseConnection->query('INSERT INTO `buku` (`judul`, `penulis`, `penerbit`, `stok`) VALUES (:judul:, :penulis:, :penerbit:, :stok:)', [...], false)
 5 SYSTEMPATH\Model.php(357): CodeIgniter\Database\BaseBuilder->insert()
 6 SYSTEMPATH\BaseModel.php(899): CodeIgniter\Model->doInsert([...])
 7 SYSTEMPATH\Model.php(670): CodeIgniter\BaseModel->insert([...], true)
 8 APPPATH\Controllers\Api\Buku.php(35): CodeIgniter\Model->insert([...])
 9 SYSTEMPATH\CodeIgniter.php(974): App\Controllers\Api\Buku->create()
10 SYSTEMPATH\CodeIgniter.php(520): CodeIgniter\CodeIgniter->runController(Object(App\Controllers\Api\Buku))
11 SYSTEMPATH\CodeIgniter.php(363): CodeIgniter\CodeIgniter->handleRequest(null, Object(Config\Cache), false)
12 SYSTEMPATH\Boot.php(417): CodeIgniter\CodeIgniter->run()
13 SYSTEMPATH\Boot.php(68): CodeIgniter\Boot::runCodeIgniter(Object(CodeIgniter\CodeIgniter))
14 FCPATH\index.php(59): CodeIgniter\Boot::bootWeb(Object(Config\Paths))
15 SYSTEMPATH\rewrite.php(44): require_once('C:\\xampp\\htdocs\\project_UAS_buku\\backend-api\\public\\index.php')
ERROR - 2026-06-23 14:18:16 --> Cannot add or update a child row: a foreign key constraint fails (`e-library`.`buku`, CONSTRAINT `fk_buku_kategori` FOREIGN KEY (`kategori_id`) REFERENCES `kategori` (`id`) ON UPDATE CASCADE)
in SYSTEMPATH\Database\MySQLi\Connection.php on line 300.
 1 SYSTEMPATH\Database\MySQLi\Connection.php(300): mysqli->query('INSERT INTO `buku` (`judul`, `penulis`, `penerbit`, `stok`) VALUES (\'Atomic Habits\', \'James Clear\', \'Gramedia\', 3)', 0)
 2 SYSTEMPATH\Database\BaseConnection.php(908): CodeIgniter\Database\MySQLi\Connection->execute('INSERT INTO `buku` (`judul`, `penulis`, `penerbit`, `stok`) VALUES (\'Atomic Habits\', \'James Clear\', \'Gramedia\', 3)')
 3 SYSTEMPATH\Database\BaseConnection.php(825): CodeIgniter\Database\BaseConnection->simpleQuery('INSERT INTO `buku` (`judul`, `penulis`, `penerbit`, `stok`) VALUES (\'Atomic Habits\', \'James Clear\', \'Gramedia\', 3)')
 4 SYSTEMPATH\Database\BaseBuilder.php(2343): CodeIgniter\Database\BaseConnection->query('INSERT INTO `buku` (`judul`, `penulis`, `penerbit`, `stok`) VALUES (:judul:, :penulis:, :penerbit:, :stok:)', [...], false)
 5 SYSTEMPATH\Model.php(357): CodeIgniter\Database\BaseBuilder->insert()
 6 SYSTEMPATH\BaseModel.php(899): CodeIgniter\Model->doInsert([...])
 7 SYSTEMPATH\Model.php(670): CodeIgniter\BaseModel->insert([...], true)
 8 APPPATH\Controllers\Api\Buku.php(35): CodeIgniter\Model->insert([...])
 9 SYSTEMPATH\CodeIgniter.php(974): App\Controllers\Api\Buku->create()
10 SYSTEMPATH\CodeIgniter.php(520): CodeIgniter\CodeIgniter->runController(Object(App\Controllers\Api\Buku))
11 SYSTEMPATH\CodeIgniter.php(363): CodeIgniter\CodeIgniter->handleRequest(null, Object(Config\Cache), false)
12 SYSTEMPATH\Boot.php(417): CodeIgniter\CodeIgniter->run()
13 SYSTEMPATH\Boot.php(68): CodeIgniter\Boot::runCodeIgniter(Object(CodeIgniter\CodeIgniter))
14 FCPATH\index.php(59): CodeIgniter\Boot::bootWeb(Object(Config\Paths))
15 SYSTEMPATH\rewrite.php(44): require_once('C:\\xampp\\htdocs\\project_UAS_buku\\backend-api\\public\\index.php')
ERROR - 2026-06-23 14:49:57 --> Cannot add or update a child row: a foreign key constraint fails (`e-library`.`buku`, CONSTRAINT `fk_buku_kategori` FOREIGN KEY (`kategori_id`) REFERENCES `kategori` (`id`) ON UPDATE CASCADE)
in SYSTEMPATH\Database\MySQLi\Connection.php on line 300.
 1 SYSTEMPATH\Database\MySQLi\Connection.php(300): mysqli->query('INSERT INTO `buku` (`judul`, `penulis`, `penerbit`, `tahun_terbit`, `kategori_id`, `stok`, `cover`) VALUES (\'Atomic Habits\', \'James Clear\', \'Gramedia\', 2023, \'\', 7, \'atomic-habits\')', 0)
 2 SYSTEMPATH\Database\BaseConnection.php(908): CodeIgniter\Database\MySQLi\Connection->execute('INSERT INTO `buku` (`judul`, `penulis`, `penerbit`, `tahun_terbit`, `kategori_id`, `stok`, `cover`) VALUES (\'Atomic Habits\', \'James Clear\', \'Gramedia\', 2023, \'\', 7, \'atomic-habits\')')
 3 SYSTEMPATH\Database\BaseConnection.php(825): CodeIgniter\Database\BaseConnection->simpleQuery('INSERT INTO `buku` (`judul`, `penulis`, `penerbit`, `tahun_terbit`, `kategori_id`, `stok`, `cover`) VALUES (\'Atomic Habits\', \'James Clear\', \'Gramedia\', 2023, \'\', 7, \'atomic-habits\')')
 4 SYSTEMPATH\Database\BaseBuilder.php(2343): CodeIgniter\Database\BaseConnection->query('INSERT INTO `buku` (`judul`, `penulis`, `penerbit`, `tahun_terbit`, `kategori_id`, `stok`, `cover`) VALUES (:judul:, :penulis:, :penerbit:, :tahun_terbit:, :kategori_id:, :stok:, :cover:)', [...], false)
 5 SYSTEMPATH\Model.php(357): CodeIgniter\Database\BaseBuilder->insert()
 6 SYSTEMPATH\BaseModel.php(899): CodeIgniter\Model->doInsert([...])
 7 SYSTEMPATH\Model.php(670): CodeIgniter\BaseModel->insert([...], true)
 8 APPPATH\Controllers\Api\Buku.php(35): CodeIgniter\Model->insert([...])
 9 SYSTEMPATH\CodeIgniter.php(974): App\Controllers\Api\Buku->create()
10 SYSTEMPATH\CodeIgniter.php(520): CodeIgniter\CodeIgniter->runController(Object(App\Controllers\Api\Buku))
11 SYSTEMPATH\CodeIgniter.php(363): CodeIgniter\CodeIgniter->handleRequest(null, Object(Config\Cache), false)
12 SYSTEMPATH\Boot.php(417): CodeIgniter\CodeIgniter->run()
13 SYSTEMPATH\Boot.php(68): CodeIgniter\Boot::runCodeIgniter(Object(CodeIgniter\CodeIgniter))
14 FCPATH\index.php(59): CodeIgniter\Boot::bootWeb(Object(Config\Paths))
15 SYSTEMPATH\rewrite.php(44): require_once('C:\\xampp\\htdocs\\project_UAS_buku\\backend-api\\public\\index.php')
ERROR - 2026-06-23 17:45:59 --> Unknown column 'peminjaman.anggota_id' in 'on clause'
in SYSTEMPATH\Database\MySQLi\Connection.php on line 300.
 1 SYSTEMPATH\Database\MySQLi\Connection.php(300): mysqli->query('SELECT `peminjaman`.*, `anggota`.`nama` AS `nama_anggota`, `buku`.`judul` AS `judul_buku`
FROM `peminjaman`
JOIN `anggota` ON `anggota`.`id` = `peminjaman`.`anggota_id`
JOIN `buku` ON `buku`.`id` = `peminjaman`.`buku_id`
ORDER BY `peminjaman`.`id` DESC', 0)
 2 SYSTEMPATH\Database\BaseConnection.php(908): CodeIgniter\Database\MySQLi\Connection->execute('SELECT `peminjaman`.*, `anggota`.`nama` AS `nama_anggota`, `buku`.`judul` AS `judul_buku`
FROM `peminjaman`
JOIN `anggota` ON `anggota`.`id` = `peminjaman`.`anggota_id`
JOIN `buku` ON `buku`.`id` = `peminjaman`.`buku_id`
ORDER BY `peminjaman`.`id` DESC')
 3 SYSTEMPATH\Database\BaseConnection.php(825): CodeIgniter\Database\BaseConnection->simpleQuery('SELECT `peminjaman`.*, `anggota`.`nama` AS `nama_anggota`, `buku`.`judul` AS `judul_buku`
FROM `peminjaman`
JOIN `anggota` ON `anggota`.`id` = `peminjaman`.`anggota_id`
JOIN `buku` ON `buku`.`id` = `peminjaman`.`buku_id`
ORDER BY `peminjaman`.`id` DESC')
 4 SYSTEMPATH\Database\BaseBuilder.php(1647): CodeIgniter\Database\BaseConnection->query('SELECT `peminjaman`.*, `anggota`.`nama` AS `nama_anggota`, `buku`.`judul` AS `judul_buku`
FROM `peminjaman`
JOIN `anggota` ON `anggota`.`id` = `peminjaman`.`anggota_id`
JOIN `buku` ON `buku`.`id` = `peminjaman`.`buku_id`
ORDER BY `peminjaman`.`id` DESC', [], false)
 5 APPPATH\Controllers\Api\Peminjaman.php(30): CodeIgniter\Database\BaseBuilder->get()
 6 SYSTEMPATH\CodeIgniter.php(974): App\Controllers\Api\Peminjaman->index()
 7 SYSTEMPATH\CodeIgniter.php(520): CodeIgniter\CodeIgniter->runController(Object(App\Controllers\Api\Peminjaman))
 8 SYSTEMPATH\CodeIgniter.php(363): CodeIgniter\CodeIgniter->handleRequest(null, Object(Config\Cache), false)
 9 SYSTEMPATH\Boot.php(417): CodeIgniter\CodeIgniter->run()
10 SYSTEMPATH\Boot.php(68): CodeIgniter\Boot::runCodeIgniter(Object(CodeIgniter\CodeIgniter))
11 FCPATH\index.php(59): CodeIgniter\Boot::bootWeb(Object(Config\Paths))
12 SYSTEMPATH\rewrite.php(44): require_once('C:\\xampp\\htdocs\\project_UAS_buku\\backend-api\\public\\index.php')
CRITICAL - 2026-06-23 17:45:59 --> CodeIgniter\Database\Exceptions\DatabaseException: Unknown column 'peminjaman.anggota_id' in 'on clause'
[Method: GET, Route: peminjaman]
in SYSTEMPATH\Database\BaseConnection.php on line 863.
 1 SYSTEMPATH\Database\BaseBuilder.php(1647): CodeIgniter\Database\BaseConnection->query('SELECT `peminjaman`.*, `anggota`.`nama` AS `nama_anggota`, `buku`.`judul` AS `judul_buku`
FROM `peminjaman`
JOIN `anggota` ON `anggota`.`id` = `peminjaman`.`anggota_id`
JOIN `buku` ON `buku`.`id` = `peminjaman`.`buku_id`
ORDER BY `peminjaman`.`id` DESC', [], false)
 2 APPPATH\Controllers\Api\Peminjaman.php(30): CodeIgniter\Database\BaseBuilder->get()
 3 SYSTEMPATH\CodeIgniter.php(974): App\Controllers\Api\Peminjaman->index()
 4 SYSTEMPATH\CodeIgniter.php(520): CodeIgniter\CodeIgniter->runController(Object(App\Controllers\Api\Peminjaman))
 5 SYSTEMPATH\CodeIgniter.php(363): CodeIgniter\CodeIgniter->handleRequest(null, Object(Config\Cache), false)
 6 SYSTEMPATH\Boot.php(417): CodeIgniter\CodeIgniter->run()
 7 SYSTEMPATH\Boot.php(68): CodeIgniter\Boot::runCodeIgniter(Object(CodeIgniter\CodeIgniter))
 8 FCPATH\index.php(59): CodeIgniter\Boot::bootWeb(Object(Config\Paths))
 9 SYSTEMPATH\rewrite.php(44): require_once('C:\\xampp\\htdocs\\project_UAS_buku\\backend-api\\public\\index.php')
CRITICAL - 2026-06-23 17:45:59 --> [Caused by] CodeIgniter\Database\Exceptions\DatabaseException: Unknown column 'peminjaman.anggota_id' in 'on clause'
in SYSTEMPATH\Database\MySQLi\Connection.php on line 310.
 1 SYSTEMPATH\Database\BaseConnection.php(908): CodeIgniter\Database\MySQLi\Connection->execute('SELECT `peminjaman`.*, `anggota`.`nama` AS `nama_anggota`, `buku`.`judul` AS `judul_buku`
FROM `peminjaman`
JOIN `anggota` ON `anggota`.`id` = `peminjaman`.`anggota_id`
JOIN `buku` ON `buku`.`id` = `peminjaman`.`buku_id`
ORDER BY `peminjaman`.`id` DESC')
 2 SYSTEMPATH\Database\BaseConnection.php(825): CodeIgniter\Database\BaseConnection->simpleQuery('SELECT `peminjaman`.*, `anggota`.`nama` AS `nama_anggota`, `buku`.`judul` AS `judul_buku`
FROM `peminjaman`
JOIN `anggota` ON `anggota`.`id` = `peminjaman`.`anggota_id`
JOIN `buku` ON `buku`.`id` = `peminjaman`.`buku_id`
ORDER BY `peminjaman`.`id` DESC')
 3 SYSTEMPATH\Database\BaseBuilder.php(1647): CodeIgniter\Database\BaseConnection->query('SELECT `peminjaman`.*, `anggota`.`nama` AS `nama_anggota`, `buku`.`judul` AS `judul_buku`
FROM `peminjaman`
JOIN `anggota` ON `anggota`.`id` = `peminjaman`.`anggota_id`
JOIN `buku` ON `buku`.`id` = `peminjaman`.`buku_id`
ORDER BY `peminjaman`.`id` DESC', [], false)
 4 APPPATH\Controllers\Api\Peminjaman.php(30): CodeIgniter\Database\BaseBuilder->get()
 5 SYSTEMPATH\CodeIgniter.php(974): App\Controllers\Api\Peminjaman->index()
 6 SYSTEMPATH\CodeIgniter.php(520): CodeIgniter\CodeIgniter->runController(Object(App\Controllers\Api\Peminjaman))
 7 SYSTEMPATH\CodeIgniter.php(363): CodeIgniter\CodeIgniter->handleRequest(null, Object(Config\Cache), false)
 8 SYSTEMPATH\Boot.php(417): CodeIgniter\CodeIgniter->run()
 9 SYSTEMPATH\Boot.php(68): CodeIgniter\Boot::runCodeIgniter(Object(CodeIgniter\CodeIgniter))
10 FCPATH\index.php(59): CodeIgniter\Boot::bootWeb(Object(Config\Paths))
11 SYSTEMPATH\rewrite.php(44): require_once('C:\\xampp\\htdocs\\project_UAS_buku\\backend-api\\public\\index.php')
CRITICAL - 2026-06-23 17:45:59 --> [Caused by] mysqli_sql_exception: Unknown column 'peminjaman.anggota_id' in 'on clause'
in SYSTEMPATH\Database\MySQLi\Connection.php on line 300.
 1 SYSTEMPATH\Database\MySQLi\Connection.php(300): mysqli->query('SELECT `peminjaman`.*, `anggota`.`nama` AS `nama_anggota`, `buku`.`judul` AS `judul_buku`
FROM `peminjaman`
JOIN `anggota` ON `anggota`.`id` = `peminjaman`.`anggota_id`
JOIN `buku` ON `buku`.`id` = `peminjaman`.`buku_id`
ORDER BY `peminjaman`.`id` DESC', 0)
 2 SYSTEMPATH\Database\BaseConnection.php(908): CodeIgniter\Database\MySQLi\Connection->execute('SELECT `peminjaman`.*, `anggota`.`nama` AS `nama_anggota`, `buku`.`judul` AS `judul_buku`
FROM `peminjaman`
JOIN `anggota` ON `anggota`.`id` = `peminjaman`.`anggota_id`
JOIN `buku` ON `buku`.`id` = `peminjaman`.`buku_id`
ORDER BY `peminjaman`.`id` DESC')
 3 SYSTEMPATH\Database\BaseConnection.php(825): CodeIgniter\Database\BaseConnection->simpleQuery('SELECT `peminjaman`.*, `anggota`.`nama` AS `nama_anggota`, `buku`.`judul` AS `judul_buku`
FROM `peminjaman`
JOIN `anggota` ON `anggota`.`id` = `peminjaman`.`anggota_id`
JOIN `buku` ON `buku`.`id` = `peminjaman`.`buku_id`
ORDER BY `peminjaman`.`id` DESC')
 4 SYSTEMPATH\Database\BaseBuilder.php(1647): CodeIgniter\Database\BaseConnection->query('SELECT `peminjaman`.*, `anggota`.`nama` AS `nama_anggota`, `buku`.`judul` AS `judul_buku`
FROM `peminjaman`
JOIN `anggota` ON `anggota`.`id` = `peminjaman`.`anggota_id`
JOIN `buku` ON `buku`.`id` = `peminjaman`.`buku_id`
ORDER BY `peminjaman`.`id` DESC', [], false)
 5 APPPATH\Controllers\Api\Peminjaman.php(30): CodeIgniter\Database\BaseBuilder->get()
 6 SYSTEMPATH\CodeIgniter.php(974): App\Controllers\Api\Peminjaman->index()
 7 SYSTEMPATH\CodeIgniter.php(520): CodeIgniter\CodeIgniter->runController(Object(App\Controllers\Api\Peminjaman))
 8 SYSTEMPATH\CodeIgniter.php(363): CodeIgniter\CodeIgniter->handleRequest(null, Object(Config\Cache), false)
 9 SYSTEMPATH\Boot.php(417): CodeIgniter\CodeIgniter->run()
10 SYSTEMPATH\Boot.php(68): CodeIgniter\Boot::runCodeIgniter(Object(CodeIgniter\CodeIgniter))
11 FCPATH\index.php(59): CodeIgniter\Boot::bootWeb(Object(Config\Paths))
12 SYSTEMPATH\rewrite.php(44): require_once('C:\\xampp\\htdocs\\project_UAS_buku\\backend-api\\public\\index.php')
